id,status,depth,n_ranges,byte_size
1,valid,11,1673,13384
2,valid,11,36022,288176
3,valid,11,55470,443760
4,valid,11,587,4696
5,valid,11,534,4272
6,valid,11,17,136
7,valid,11,10951,87608
8,valid,11,3572,28576
9,valid,11,210,1680
10,valid,11,4901,39208
11,valid,11,188,1504
12,valid,11,37,296
13,valid,11,843,6744
14,valid,11,19,152
15,valid,11,51,408
16,valid,11,116,928
17,valid,11,108,864
18,valid,11,10,80
19,valid,11,33,264
20,valid,11,239,1912
21,valid,11,2,16
22,valid,11,1099,8792
23,valid,11,87,696
24,valid,11,46,368
25,valid,11,15,120
26,valid,11,24,192
27,valid,11,522,4176
28,valid,11,416,3328
29,valid,11,9,72
30,valid,11,75,600
31,valid,11,21,168
32,valid,11,3,24
33,valid,11,17,136
34,valid,11,67,536
35,valid,11,16497,131976
36,valid,11,2433,19464
37,valid,11,354,2832
38,valid,11,6,48
39,valid,11,27,216
40,valid,11,30,240
41,valid,11,52,416
42,valid,11,96,768
43,valid,11,1,8
44,valid,11,265,2120
45,valid,11,11,88
46,valid,11,50,400
47,valid,11,1,8
48,valid,11,66,528
49,valid,11,2,16
50,deprecated,11,4,32
51,valid,11,4,32
52,valid,11,1,8
53,valid,11,5,40
54,valid,11,20,160
55,valid,11,17,136
56,valid,11,338,2704
57,valid,11,58,464
58,valid,11,127,1016
59,valid,11,57235,457880
60,valid,11,133,1064
61,valid,15,171,2736
62,valid,11,119,952
63,valid,11,1396679,11173432
64,valid,11,1,8
65,valid,11,55,440
66,valid,16,1642,26272
67,valid,15,20,320
68,valid,11,18,144
69,valid,11,261,2088
70,valid,11,1,8
71,valid,11,150,1200
72,valid,11,8915,71320
73,valid,11,214,1712
74,valid,11,30,240
75,valid,11,13,104
76,valid,11,1,8
77,valid,11,3,24
78,valid,11,297,2376
79,valid,11,21,168
80,valid,11,467,3736
81,valid,11,560,4480
82,valid,11,78,624
83,valid,11,1088,8704
84,valid,11,185,1480
85,valid,11,81,648
86,valid,11,297,2376
87,valid,11,1048,8384
88,valid,11,73,584
89,valid,11,43,344
90,valid,11,19,152
91,valid,11,3,24
92,valid,11,61,488
93,valid,11,779,6232
94,valid,11,21,168
95,valid,11,5,40
96,valid,11,27,216
97,valid,11,167,1336
98,valid,11,8165,65320
99,valid,11,94,752
100,valid,11,6,48
101,valid,11,29,232
102,valid,11,9,72
103,valid,11,61,488
104,valid,11,5,40
105,valid,11,117,936
106,valid,11,148,1184
107,valid,11,887,7096
108,valid,11,20,160
109,valid,11,20,160
110,valid,11,7,56
111,valid,11,76,608
112,valid,11,2,16
113,valid,11,3,24
114,valid,11,73,584
115,valid,11,260,2080
116,valid,11,141,1128
117,valid,11,22,176
118,valid,11,1,8
119,valid,11,85,680
120,valid,11,26,208
121,valid,18,1735,27760
122,valid,11,98,784
123,valid,18,210,3360
124,valid,15,92,1472
125,valid,16,65838,1053408
126,valid,11,8,64
127,valid,11,38,304
128,valid,11,281,2248
129,valid,11,34553,276424
130,valid,11,8,64
131,valid,11,44,352
132,valid,11,18,144
133,valid,11,54,432
134,valid,11,4,32
135,valid,11,9,72
136,valid,11,20,160
137,valid,11,1482,11856
138,valid,11,1,8
139,valid,11,13,104
140,valid,11,68,544
141,valid,11,725,5800
142,valid,11,80,640
143,valid,11,4553,36424
144,valid,11,26,208
145,valid,11,503,4024
146,valid,11,26,208
147,valid,11,7,56
148,valid,11,38,304
149,valid,11,159,1272
150,valid,11,5,40
151,valid,11,28,224
152,valid,11,174,1392
153,valid,11,220,1760
154,valid,11,279,2232
155,valid,11,4,32
156,valid,11,1,8
157,valid,11,38,304
158,valid,11,491,3928
159,valid,11,27,216
160,valid,11,89,712
161,valid,11,3114894,24919152
162,valid,11,367,2936
163,valid,11,8,64
164,valid,11,176,1408
165,valid,11,1331,10648
166,valid,11,131,1048
167,valid,11,167,1336
168,valid,11,4,32
169,valid,11,284,2272
170,valid,11,10,80
172,valid,11,69,552
173,valid,11,17,136
174,valid,15,125,2000
175,valid,11,69,552
176,valid,11,1273,10184
177,valid,11,34,272
178,valid,15,45,720
179,valid,11,64,512
180,valid,11,311,2488
181,valid,11,14,112
182,valid,11,334,2672
183,valid,11,10,80
184,valid,11,26,208
185,valid,11,124,992
186,valid,11,217,1736
187,valid,11,33,264
188,valid,11,64,512
189,valid,11,1170,9360
190,valid,11,91,728
191,valid,11,33,264
192,valid,11,364,2912
193,valid,11,167,1336
194,valid,11,13842,110736
195,valid,11,12,96
196,valid,11,388,3104
197,valid,18,299,4784
198,valid,11,115,920
199,valid,11,702,5616
200,valid,11,35,280
201,valid,11,87,696
202,valid,11,496,3968
203,valid,11,222,1776
204,valid,11,140,1120
205,valid,11,16511,132088
206,valid,11,22,176
207,valid,11,192,1536
208,valid,11,142,1136
209,valid,11,32,256
210,valid,11,452,3616
211,valid,11,45,360
212,valid,11,1601,12808
213,valid,11,16,128
214,valid,11,40374,322992
215,valid,11,42,336
216,valid,11,476,3808
217,valid,11,46,368
218,valid,11,92,736
219,valid,11,11,88
220,valid,11,98,784
221,valid,11,83,664
222,valid,11,360,2880
223,valid,11,35,280
224,valid,16,177,2832
225,valid,11,6,48
226,valid,11,96,768
227,valid,11,188,1504
228,valid,11,132,1056
229,valid,11,134,1072
230,valid,11,750,6000
231,valid,11,34,272
232,valid,11,709,5672
233,valid,11,114,912
234,valid,11,16,128
235,valid,11,23,184
236,valid,11,11809,94472
237,valid,11,719,5752
238,valid,11,42,336
239,valid,11,25,200
240,valid,11,50,400
241,valid,11,252,2016
242,valid,16,24501,392016
243,valid,16,272,4352
244,valid,11,78,624
245,valid,16,554,8864
246,valid,11,105,840
247,valid,11,52,416
248,valid,11,95,760
249,valid,11,135,1080
250,valid,11,1717,13736
251,valid,11,347,2776
252,valid,11,275,2200
253,valid,11,4269,34152
254,valid,11,284583,2276664
255,valid,11,485,3880
256,valid,11,13245,105960
